DPI Packets (UDP):	260	(260.00 pkts/flow)
Confidence DPI              : 1 (flows)
Num dissector calls: 7 (7.00 diss/flow)
LRU cache ookla:      0/0/0 (insert/search/found)
LRU cache bittorrent: 0/0/0 (insert/search/found)
LRU cache stun:       4/8/0 (insert/search/found)
LRU cache tls_cert:   0/0/0 (insert/search/found)
LRU cache mining:     0/0/0 (insert/search/found)
LRU cache msteams:    0/0/0 (insert/search/found)
LRU cache fpc_dns:    0/0/0 (insert/search/found)
Automa host:          0/0 (search/found)
Automa domain:        0/0 (search/found)
Automa tls cert:      0/0 (search/found)
Automa risk mask:     0/0 (search/found)
Automa common alpns:  0/0 (search/found)
Patricia risk mask:   2/0 (search/found)
Patricia risk mask IPv6: 0/0 (search/found)
Patricia risk:        0/0 (search/found)
Patricia risk IPv6:   0/0 (search/found)
Patricia protocols:   1/1 (search/found)
Patricia protocols IPv6: 0/0 (search/found)

SignalVoip	260	96919	1

Acceptable                     260 96919         1            

	1	UDP 192.168.1.117:59446 <-> 35.207.67.68:10000 [proto: 338.269/SRTP.SignalVoip][IP: 284/GoogleCloud][Stream Content: Audio, Video][Encrypted][Confidence: DPI][FPC: 78/STUN, Confidence: DPI][DPI packets: 260][DPI packets before monitoring: 33][cat: VoIP/10][192 pkts/75765 bytes <-> 68 pkts/21154 bytes][Goodput ratio: 89/86][17.98 sec][bytes ratio: 0.563 (Upload)][IAT c2s/s2c min/avg/max/stddev: 0/0 94/273 1011/1358 238/433][Pkt Len c2s/s2c min/avg/max/stddev: 70/74 395/311 1253/1226 355/365][RTP packets: 154/46][Risk: ** Known Proto on Non Std Port **][Risk Score: 50][Risk Info: Expected on port 3478][PLAIN TEXT (BvkPzIMF7)][Plen Bins: 1,40,2,9,0,1,0,2,1,15,1,0,5,0,0,0,0,0,0,0,0,0,0,0,0,10,0,0,0,1,0,0,0,0,3,0,2,2,0,0,0,0,0,0,0,0,0,0]
